main: Query.hs:(160,1)-(166,86): Non-exhaustive patterns in function eval

